// Jest Snapshot v1, https://goo.gl/fbAQLP

exports[`<Features /> Should render correctly 1`] = `
<div>
  <div
    class="css-k8tdx0-Container emzppbk0"
    id="features"
  >
    <div
      class="css-jbe736-FeaturesRoot emzppbk1"
    >
      <div
        class="css-1jpy3hs-FeaturesListContainer emzppbk3"
      >
        <div
          class="css-dblltl-FeaturesList emzppbk2"
        >
          <div
            class="css-qup410-FeatureItem emzppbk4"
          >
            <h3
              class="css-gv7zs-Title emzppbk5"
            >
              SEO
            </h3>
            <p
              class="css-eslccy-Content emzppbk6"
            />
          </div>
          <div
            class="css-qup410-FeatureItem emzppbk4"
          >
            <h3
              class="css-gv7zs-Title emzppbk5"
            >
              redux-saga
            </h3>
            <p
              class="css-eslccy-Content emzppbk6"
            />
          </div>
          <div
            class="css-qup410-FeatureItem emzppbk4"
          >
            <h3
              class="css-gv7zs-Title emzppbk5"
            >
              next-i18next
            </h3>
            <p
              class="css-eslccy-Content emzppbk6"
            />
          </div>
          <div
            class="css-qup410-FeatureItem emzppbk4"
          >
            <h3
              class="css-gv7zs-Title emzppbk5"
            >
              i18next
            </h3>
            <p
              class="css-eslccy-Content emzppbk6"
            />
          </div>
          <div
            class="css-qup410-FeatureItem emzppbk4"
          >
            <h3
              class="css-gv7zs-Title emzppbk5"
            >
              redux
            </h3>
            <p
              class="css-eslccy-Content emzppbk6"
            />
          </div>
          <div
            class="css-qup410-FeatureItem emzppbk4"
          >
            <h3
              class="css-gv7zs-Title emzppbk5"
            >
              reselect
            </h3>
            <p
              class="css-eslccy-Content emzppbk6"
            />
          </div>
          <div
            class="css-qup410-FeatureItem emzppbk4"
          >
            <h3
              class="css-gv7zs-Title emzppbk5"
            >
              Immer
            </h3>
            <p
              class="css-eslccy-Content emzppbk6"
            />
          </div>
          <div
            class="css-qup410-FeatureItem emzppbk4"
          >
            <h3
              class="css-gv7zs-Title emzppbk5"
            >
              @testing-library/react
            </h3>
            <p
              class="css-eslccy-Content emzppbk6"
            />
          </div>
          <div
            class="css-qup410-FeatureItem emzppbk4"
          >
            <h3
              class="css-gv7zs-Title emzppbk5"
            >
              Typefaces
            </h3>
            <p
              class="css-eslccy-Content emzppbk6"
            />
          </div>
          <div
            class="css-qup410-FeatureItem emzppbk4"
          >
            <h3
              class="css-gv7zs-Title emzppbk5"
            >
              Emotion
            </h3>
            <p
              class="css-eslccy-Content emzppbk6"
            />
          </div>
        </div>
      </div>
    </div>
  </div>
</div>
`;
