// Jest Snapshot v1, https://goo.gl/fbAQLP

exports[`<Banner /> Should render correctly 1`] = `
<div>
  <div
    class="css-1f5wcpk-BannerRoot e14450ig0"
  >
    <img
      alt="react-next-boilerplate"
      class="css-1wov1b9-Logo e14450ig3"
      src="/static/images/reac-next-boilerplate-logo.svg"
    />
    <h1
      class="css-1f42zqr-Title e14450ig1"
    />
    <h2
      class="css-pfcoqg-SubTitle e14450ig2"
    />
  </div>
</div>
`;
